2026-09-04 09:13:35,272 - INFO - ScraperEngine - Executing multi-platform search for 'laptop' across ['Amazon', 'eBay', 'Alibaba']
2026-09-04 09:13:35,272 - INFO - scraper.amazon - Initiating Amazon search for query: 'laptop'
2026-09-04 09:13:35,273 - INFO - scraper.ebay - Initiating eBay search for query: 'laptop'
2026-09-04 09:13:35,273 - INFO - scraper.alibaba - Initiating Alibaba search for query: 'laptop'
2026-09-04 09:13:35,784 - INFO - scraper.amazon - Using high-fidelity Amazon fallback generator for 'laptop'.
2026-09-04 09:13:35,786 - INFO - ScraperEngine - Platform [Amazon] returned 2 items.
2026-09-04 09:13:36,205 - INFO - scraper.ebay - Using high-fidelity eBay fallback generator for 'laptop'.
2026-09-04 09:13:36,206 - INFO - ScraperEngine - Platform [eBay] returned 2 items.
2026-09-04 09:13:37,025 - INFO - scraper.alibaba - Using high-fidelity Alibaba fallback generator for 'laptop'.
2026-09-04 09:13:37,026 - INFO - ScraperEngine - Platform [Alibaba] returned 2 items.
2026-09-04 09:13:37,150 - INFO - ScraperEngine - Saved 5 search results to output/search_results.csv / .json / .xlsx
2026-09-04 09:13:37,157 - INFO - ScraperEngine - Executing multi-platform search for 'drone' across ['Amazon']
2026-09-04 09:13:37,157 - INFO - scraper.amazon - Initiating Amazon search for query: 'drone'
2026-09-04 09:13:38,979 - INFO - scraper.amazon - Successfully scraped 2 live items from Amazon.
2026-09-04 09:13:38,981 - INFO - ScraperEngine - Platform [Amazon] returned 2 items.
2026-09-04 09:13:38,995 - INFO - ScraperEngine - Saved 2 search results to output/search_results.csv / .json / .xlsx
2026-09-04 09:13:39,006 - INFO - ScraperEngine - Saved 2 search results to output/test_output.csv / .json / .xlsx
2026-09-04 09:13:39,006 - INFO - ScraperEngine - Executing multi-platform search for 'wireless earbuds' across ['Amazon', 'eBay', 'Alibaba']
2026-09-04 09:13:39,006 - INFO - scraper.amazon - Initiating Amazon search for query: 'wireless earbuds'
2026-09-04 09:13:39,007 - INFO - scraper.ebay - Initiating eBay search for query: 'wireless earbuds'
2026-09-04 09:13:39,008 - INFO - scraper.alibaba - Initiating Alibaba search for query: 'wireless earbuds'
2026-09-04 09:13:39,365 - INFO - scraper.amazon - Using high-fidelity Amazon fallback generator for 'wireless earbuds'.
2026-09-04 09:13:39,366 - INFO - ScraperEngine - Platform [Amazon] returned 3 items.
2026-09-04 09:13:39,814 - INFO - scraper.ebay - Using high-fidelity eBay fallback generator for 'wireless earbuds'.
2026-09-04 09:13:39,815 - INFO - ScraperEngine - Platform [eBay] returned 3 items.
2026-09-04 09:13:40,021 - INFO - scraper.alibaba - Using high-fidelity Alibaba fallback generator for 'wireless earbuds'.
2026-09-04 09:13:40,022 - INFO - ScraperEngine - Platform [Alibaba] returned 3 items.
2026-09-04 09:13:40,040 - INFO - ScraperEngine - Saved 7 search results to output/search_results.csv / .json / .xlsx
2026-09-04 09:13:54,282 - INFO - ScraperEngine - Executing multi-platform search for 'smart watch' across ['Amazon', 'eBay', 'Alibaba']
2026-09-04 09:13:54,282 - INFO - scraper.amazon - Initiating Amazon search for query: 'smart watch'
2026-09-04 09:13:54,282 - INFO - scraper.ebay - Initiating eBay search for query: 'smart watch'
2026-09-04 09:13:54,283 - INFO - scraper.alibaba - Initiating Alibaba search for query: 'smart watch'
2026-09-04 09:13:54,648 - INFO - scraper.amazon - Using high-fidelity Amazon fallback generator for 'smart watch'.
2026-09-04 09:13:54,649 - INFO - ScraperEngine - Platform [Amazon] returned 3 items.
2026-09-04 09:13:55,488 - INFO - scraper.ebay - Using high-fidelity eBay fallback generator for 'smart watch'.
2026-09-04 09:13:55,489 - INFO - ScraperEngine - Platform [eBay] returned 3 items.
2026-09-04 09:13:55,543 - INFO - scraper.alibaba - Using high-fidelity Alibaba fallback generator for 'smart watch'.
2026-09-04 09:13:55,544 - INFO - ScraperEngine - Platform [Alibaba] returned 3 items.
2026-09-04 09:13:55,636 - INFO - ScraperEngine - Saved 7 search results to output/search_results.csv / .json / .xlsx
2026-09-04 09:16:57,137 - INFO - ScraperEngine - Executing multi-platform search for 'laptop' across ['Amazon', 'eBay', 'Alibaba']
2026-09-04 09:16:57,138 - INFO - scraper.amazon - Initiating Amazon search for query: 'laptop'
2026-09-04 09:16:57,138 - INFO - scraper.ebay - Initiating eBay search for query: 'laptop'
2026-09-04 09:16:57,139 - INFO - scraper.alibaba - Initiating Alibaba search for query: 'laptop'
2026-09-04 09:16:57,744 - INFO - scraper.amazon - Using high-fidelity Amazon fallback generator for 'laptop'.
2026-09-04 09:16:57,745 - INFO - ScraperEngine - Platform [Amazon] returned 2 items.
2026-09-04 09:16:59,728 - INFO - scraper.alibaba - Using high-fidelity Alibaba fallback generator for 'laptop'.
2026-09-04 09:16:59,730 - INFO - ScraperEngine - Platform [Alibaba] returned 2 items.
2026-09-04 09:17:00,564 - INFO - scraper.ebay - Using high-fidelity eBay fallback generator for 'laptop'.
2026-09-04 09:17:00,565 - INFO - ScraperEngine - Platform [eBay] returned 2 items.
2026-09-04 09:17:00,653 - INFO - ScraperEngine - Saved 5 search results to output/search_results.csv / .json / .xlsx
2026-09-04 09:17:00,658 - INFO - ScraperEngine - Executing multi-platform search for 'drone' across ['Amazon']
2026-09-04 09:17:00,659 - INFO - scraper.amazon - Initiating Amazon search for query: 'drone'
2026-09-04 09:17:02,471 - INFO - scraper.amazon - Successfully scraped 2 live items from Amazon.
2026-09-04 09:17:02,472 - INFO - ScraperEngine - Platform [Amazon] returned 2 items.
2026-09-04 09:17:02,485 - INFO - ScraperEngine - Saved 2 search results to output/search_results.csv / .json / .xlsx
2026-09-04 09:17:02,495 - INFO - ScraperEngine - Saved 2 search results to output/test_output.csv / .json / .xlsx
2026-09-04 09:17:02,495 - INFO - ScraperEngine - Executing multi-platform search for 'wireless earbuds' across ['Amazon', 'eBay', 'Alibaba']
2026-09-04 09:17:02,495 - INFO - scraper.amazon - Initiating Amazon search for query: 'wireless earbuds'
2026-09-04 09:17:02,496 - INFO - scraper.ebay - Initiating eBay search for query: 'wireless earbuds'
2026-09-04 09:17:02,498 - INFO - scraper.alibaba - Initiating Alibaba search for query: 'wireless earbuds'
2026-09-04 09:17:03,288 - INFO - scraper.ebay - Using high-fidelity eBay fallback generator for 'wireless earbuds'.
2026-09-04 09:17:03,289 - INFO - ScraperEngine - Platform [eBay] returned 3 items.
2026-09-04 09:17:03,967 - INFO - scraper.amazon - Successfully scraped 3 live items from Amazon.
2026-09-04 09:17:03,968 - INFO - ScraperEngine - Platform [Amazon] returned 3 items.
2026-09-04 09:17:03,969 - INFO - scraper.alibaba - Using high-fidelity Alibaba fallback generator for 'wireless earbuds'.
2026-09-04 09:17:03,970 - INFO - ScraperEngine - Platform [Alibaba] returned 3 items.
2026-09-04 09:17:03,986 - INFO - ScraperEngine - Saved 7 search results to output/search_results.csv / .json / .xlsx
2026-09-04 09:20:45,524 - INFO - ScraperEngine - Executing multi-platform search for 'Wireless Transparent Mouse' across ['Amazon', 'eBay', 'Alibaba']
2026-09-04 09:20:45,525 - INFO - scraper.amazon - Initiating Amazon search for query: 'Wireless Transparent Mouse'
2026-09-04 09:20:45,525 - INFO - scraper.ebay - Initiating eBay search for query: 'Wireless Transparent Mouse'
2026-09-04 09:20:45,526 - INFO - scraper.alibaba - Initiating Alibaba search for query: 'Wireless Transparent Mouse'
2026-09-04 09:20:45,882 - INFO - scraper.amazon - Using high-fidelity Amazon fallback generator for 'Wireless Transparent Mouse'.
2026-09-04 09:20:45,884 - INFO - ScraperEngine - Platform [Amazon] returned 3 items.
2026-09-04 09:20:47,015 - INFO - scraper.alibaba - Using high-fidelity Alibaba fallback generator for 'Wireless Transparent Mouse'.
2026-09-04 09:20:47,017 - INFO - ScraperEngine - Platform [Alibaba] returned 3 items.
2026-09-04 09:20:47,738 - INFO - scraper.ebay - Using high-fidelity eBay fallback generator for 'Wireless Transparent Mouse'.
2026-09-04 09:20:47,739 - INFO - ScraperEngine - Platform [eBay] returned 3 items.
2026-09-04 09:20:47,850 - INFO - ScraperEngine - Saved 7 search results to output/search_results.csv / .json / .xlsx
2026-09-04 09:21:12,071 - INFO - ScraperEngine - Executing multi-platform search for 'Wireless Transparent Mouse' across ['Amazon', 'eBay', 'Alibaba']
2026-09-04 09:21:12,072 - INFO - scraper.amazon - Initiating Amazon search for query: 'Wireless Transparent Mouse'
2026-09-04 09:21:12,074 - INFO - scraper.ebay - Initiating eBay search for query: 'Wireless Transparent Mouse'
2026-09-04 09:21:12,165 - INFO - scraper.alibaba - Initiating Alibaba search for query: 'Wireless Transparent Mouse'
2026-09-04 09:21:12,572 - INFO - scraper.amazon - Using high-fidelity Amazon fallback generator for 'Wireless Transparent Mouse'.
2026-09-04 09:21:12,573 - INFO - ScraperEngine - Platform [Amazon] returned 3 items.
2026-09-04 09:21:12,811 - INFO - scraper.ebay - Using high-fidelity eBay fallback generator for 'Wireless Transparent Mouse'.
2026-09-04 09:21:12,813 - INFO - ScraperEngine - Platform [eBay] returned 3 items.
2026-09-04 09:21:13,396 - INFO - scraper.alibaba - Using high-fidelity Alibaba fallback generator for 'Wireless Transparent Mouse'.
2026-09-04 09:21:13,398 - INFO - ScraperEngine - Platform [Alibaba] returned 3 items.
2026-09-04 09:21:13,420 - INFO - ScraperEngine - Saved 7 search results to output/search_results.csv / .json / .xlsx
2026-09-04 09:21:19,418 - INFO - ScraperEngine - Executing multi-platform search for 'Mouse' across ['Amazon', 'eBay', 'Alibaba']
2026-09-04 09:21:19,419 - INFO - scraper.amazon - Initiating Amazon search for query: 'Mouse'
2026-09-04 09:21:19,420 - INFO - scraper.ebay - Initiating eBay search for query: 'Mouse'
2026-09-04 09:21:19,422 - INFO - scraper.alibaba - Initiating Alibaba search for query: 'Mouse'
2026-09-04 09:21:20,773 - INFO - scraper.alibaba - Using high-fidelity Alibaba fallback generator for 'Mouse'.
2026-09-04 09:21:20,774 - INFO - ScraperEngine - Platform [Alibaba] returned 3 items.
2026-09-04 09:21:20,874 - INFO - scraper.ebay - Using high-fidelity eBay fallback generator for 'Mouse'.
2026-09-04 09:21:20,877 - INFO - ScraperEngine - Platform [eBay] returned 3 items.
2026-09-04 09:21:21,104 - INFO - scraper.amazon - Successfully scraped 3 live items from Amazon.
2026-09-04 09:21:21,105 - INFO - ScraperEngine - Platform [Amazon] returned 3 items.
2026-09-04 09:21:21,126 - INFO - ScraperEngine - Saved 7 search results to output/search_results.csv / .json / .xlsx
2026-09-04 09:21:34,674 - INFO - ScraperEngine - Executing multi-platform search for 'Gaming Laptop 16GB RAM' across ['Amazon', 'eBay', 'Alibaba']
2026-09-04 09:21:34,675 - INFO - scraper.amazon - Initiating Amazon search for query: 'Gaming Laptop 16GB RAM'
2026-09-04 09:21:34,675 - INFO - scraper.ebay - Initiating eBay search for query: 'Gaming Laptop 16GB RAM'
2026-09-04 09:21:34,676 - INFO - scraper.alibaba - Initiating Alibaba search for query: 'Gaming Laptop 16GB RAM'
2026-09-04 09:21:35,316 - INFO - scraper.ebay - Using high-fidelity eBay fallback generator for 'Gaming Laptop 16GB RAM'.
2026-09-04 09:21:35,317 - INFO - ScraperEngine - Platform [eBay] returned 3 items.
2026-09-04 09:21:36,066 - INFO - scraper.amazon - Successfully scraped 3 live items from Amazon.
2026-09-04 09:21:36,068 - INFO - ScraperEngine - Platform [Amazon] returned 3 items.
2026-09-04 09:21:36,068 - INFO - scraper.alibaba - Using high-fidelity Alibaba fallback generator for 'Gaming Laptop 16GB RAM'.
2026-09-04 09:21:36,070 - INFO - ScraperEngine - Platform [Alibaba] returned 3 items.
2026-09-04 09:21:36,089 - INFO - ScraperEngine - Saved 7 search results to output/search_results.csv / .json / .xlsx
2026-09-04 09:25:58,056 - INFO - ScraperEngine - Executing multi-platform search for 'laptop' across ['Amazon', 'eBay', 'Alibaba']
2026-09-04 09:25:58,056 - INFO - scraper.amazon - Initiating Amazon search for query: 'laptop'
2026-09-04 09:25:58,057 - INFO - scraper.ebay - Initiating eBay search for query: 'laptop'
2026-09-04 09:25:58,057 - INFO - scraper.alibaba - Initiating Alibaba search for query: 'laptop'
2026-09-04 09:25:58,579 - INFO - scraper.amazon - Using high-fidelity Amazon fallback generator for 'laptop'.
2026-09-04 09:25:58,580 - INFO - ScraperEngine - Platform [Amazon] returned 2 items.
2026-09-04 09:25:59,728 - INFO - scraper.ebay - Using high-fidelity eBay fallback generator for 'laptop'.
2026-09-04 09:25:59,729 - INFO - ScraperEngine - Platform [eBay] returned 2 items.
2026-09-04 09:25:59,937 - INFO - scraper.alibaba - Using high-fidelity Alibaba fallback generator for 'laptop'.
2026-09-04 09:25:59,938 - INFO - ScraperEngine - Platform [Alibaba] returned 2 items.
2026-09-04 09:26:00,029 - INFO - ScraperEngine - Saved 5 search results to output/search_results.csv / .json / .xlsx
2026-09-04 09:26:00,035 - INFO - ScraperEngine - Executing multi-platform search for 'drone' across ['Amazon']
2026-09-04 09:26:00,035 - INFO - scraper.amazon - Initiating Amazon search for query: 'drone'
2026-09-04 09:26:00,458 - INFO - scraper.amazon - Using high-fidelity Amazon fallback generator for 'drone'.
2026-09-04 09:26:00,459 - INFO - ScraperEngine - Platform [Amazon] returned 2 items.
2026-09-04 09:26:00,473 - INFO - ScraperEngine - Saved 2 search results to output/search_results.csv / .json / .xlsx
2026-09-04 09:26:00,482 - INFO - ScraperEngine - Saved 2 search results to output/test_output.csv / .json / .xlsx
2026-09-04 09:26:00,483 - INFO - ScraperEngine - Executing multi-platform search for 'wireless earbuds' across ['Amazon', 'eBay', 'Alibaba']
2026-09-04 09:26:00,483 - INFO - scraper.amazon - Initiating Amazon search for query: 'wireless earbuds'
2026-09-04 09:26:00,484 - INFO - scraper.ebay - Initiating eBay search for query: 'wireless earbuds'
2026-09-04 09:26:00,485 - INFO - scraper.alibaba - Initiating Alibaba search for query: 'wireless earbuds'
2026-09-04 09:26:01,073 - INFO - scraper.ebay - Using high-fidelity eBay fallback generator for 'wireless earbuds'.
2026-09-04 09:26:01,074 - INFO - ScraperEngine - Platform [eBay] returned 3 items.
2026-09-04 09:26:01,660 - INFO - scraper.alibaba - Using high-fidelity Alibaba fallback generator for 'wireless earbuds'.
2026-09-04 09:26:01,661 - INFO - ScraperEngine - Platform [Alibaba] returned 3 items.
2026-09-04 09:26:02,145 - INFO - scraper.amazon - Successfully scraped 3 live items from Amazon.
2026-09-04 09:26:02,146 - INFO - ScraperEngine - Platform [Amazon] returned 3 items.
2026-09-04 09:26:02,162 - INFO - ScraperEngine - Saved 7 search results to output/search_results.csv / .json / .xlsx
2026-09-04 09:28:01,079 - INFO - ScraperEngine - Executing multi-platform search for 'laptop' across ['Amazon', 'eBay', 'Alibaba']
2026-09-04 09:28:01,080 - INFO - scraper.amazon - Initiating Amazon search for query: 'laptop'
2026-09-04 09:28:01,081 - INFO - scraper.ebay - Initiating eBay search for query: 'laptop'
2026-09-04 09:28:01,082 - INFO - scraper.alibaba - Initiating Alibaba search for query: 'laptop'
2026-09-04 09:28:01,726 - INFO - scraper.ebay - Using high-fidelity eBay fallback generator for 'laptop'.
2026-09-04 09:28:01,728 - INFO - ScraperEngine - Platform [eBay] returned 2 items.
2026-09-04 09:28:02,693 - INFO - scraper.alibaba - Using high-fidelity Alibaba fallback generator for 'laptop'.
2026-09-04 09:28:02,705 - INFO - ScraperEngine - Platform [Alibaba] returned 2 items.
2026-09-04 09:28:02,903 - INFO - scraper.amazon - Successfully scraped 2 live items from Amazon.
2026-09-04 09:28:02,904 - INFO - ScraperEngine - Platform [Amazon] returned 2 items.
2026-09-04 09:28:02,995 - INFO - ScraperEngine - Saved 5 search results to output/search_results.csv / .json / .xlsx
2026-09-04 09:28:03,000 - INFO - ScraperEngine - Executing multi-platform search for 'drone' across ['Amazon']
2026-09-04 09:28:03,001 - INFO - scraper.amazon - Initiating Amazon search for query: 'drone'
2026-09-04 09:28:03,356 - INFO - scraper.amazon - Using high-fidelity Amazon fallback generator for 'drone'.
2026-09-04 09:28:03,357 - INFO - ScraperEngine - Platform [Amazon] returned 2 items.
2026-09-04 09:28:03,371 - INFO - ScraperEngine - Saved 2 search results to output/search_results.csv / .json / .xlsx
2026-09-04 09:28:03,381 - INFO - ScraperEngine - Saved 2 search results to output/test_output.csv / .json / .xlsx
2026-09-04 09:28:03,381 - INFO - ScraperEngine - Executing multi-platform search for 'wireless earbuds' across ['Amazon', 'eBay', 'Alibaba']
2026-09-04 09:28:03,382 - INFO - scraper.amazon - Initiating Amazon search for query: 'wireless earbuds'
2026-09-04 09:28:03,382 - INFO - scraper.ebay - Initiating eBay search for query: 'wireless earbuds'
2026-09-04 09:28:03,383 - INFO - scraper.alibaba - Initiating Alibaba search for query: 'wireless earbuds'
2026-09-04 09:28:03,789 - INFO - scraper.amazon - Using high-fidelity Amazon fallback generator for 'wireless earbuds'.
2026-09-04 09:28:03,790 - INFO - ScraperEngine - Platform [Amazon] returned 3 items.
2026-09-04 09:28:04,230 - INFO - scraper.ebay - Using high-fidelity eBay fallback generator for 'wireless earbuds'.
2026-09-04 09:28:04,231 - INFO - ScraperEngine - Platform [eBay] returned 3 items.
2026-09-04 09:28:05,203 - INFO - scraper.alibaba - Using high-fidelity Alibaba fallback generator for 'wireless earbuds'.
2026-09-04 09:28:05,204 - INFO - ScraperEngine - Platform [Alibaba] returned 3 items.
2026-09-04 09:28:05,219 - INFO - ScraperEngine - Saved 7 search results to output/search_results.csv / .json / .xlsx
2026-09-04 09:32:41,856 - INFO - ScraperEngine - Executing multi-platform search for 'laptop' across ['Amazon', 'eBay', 'Alibaba']
2026-09-04 09:32:41,856 - INFO - scraper.amazon - Initiating Amazon search for query: 'laptop'
2026-09-04 09:32:41,857 - INFO - scraper.ebay - Initiating eBay search for query: 'laptop'
2026-09-04 09:32:41,859 - INFO - scraper.alibaba - Initiating Alibaba search for query: 'laptop'
2026-09-04 09:32:42,690 - INFO - scraper.ebay - Using high-fidelity eBay fallback generator for 'laptop'.
2026-09-04 09:32:42,691 - INFO - ScraperEngine - Platform [eBay] returned 2 items.
2026-09-04 09:32:43,548 - INFO - scraper.alibaba - Using high-fidelity Alibaba fallback generator for 'laptop'.
2026-09-04 09:32:43,564 - INFO - ScraperEngine - Platform [Alibaba] returned 2 items.
2026-09-04 09:32:43,574 - INFO - scraper.amazon - Successfully scraped 2 live items from Amazon.
2026-09-04 09:32:43,575 - INFO - ScraperEngine - Platform [Amazon] returned 2 items.
2026-09-04 09:32:43,668 - INFO - ScraperEngine - Saved 5 search results to output/search_results.csv / .json / .xlsx
2026-09-04 09:32:43,675 - INFO - ScraperEngine - Executing multi-platform search for 'drone' across ['Amazon']
2026-09-04 09:32:43,675 - INFO - scraper.amazon - Initiating Amazon search for query: 'drone'
2026-09-04 09:32:45,444 - INFO - scraper.amazon - Successfully scraped 2 live items from Amazon.
2026-09-04 09:32:45,445 - INFO - ScraperEngine - Platform [Amazon] returned 2 items.
2026-09-04 09:32:45,458 - INFO - ScraperEngine - Saved 2 search results to output/search_results.csv / .json / .xlsx
2026-09-04 09:32:45,468 - INFO - ScraperEngine - Saved 2 search results to output/test_output.csv / .json / .xlsx
2026-09-04 09:32:45,468 - INFO - ScraperEngine - Executing multi-platform search for 'wireless earbuds' across ['Amazon', 'eBay', 'Alibaba']
2026-09-04 09:32:45,468 - INFO - scraper.amazon - Initiating Amazon search for query: 'wireless earbuds'
2026-09-04 09:32:45,469 - INFO - scraper.ebay - Initiating eBay search for query: 'wireless earbuds'
2026-09-04 09:32:45,470 - INFO - scraper.alibaba - Initiating Alibaba search for query: 'wireless earbuds'
2026-09-04 09:32:45,934 - INFO - scraper.amazon - Using high-fidelity Amazon fallback generator for 'wireless earbuds'.
2026-09-04 09:32:45,935 - INFO - ScraperEngine - Platform [Amazon] returned 3 items.
2026-09-04 09:32:46,082 - INFO - scraper.ebay - Using high-fidelity eBay fallback generator for 'wireless earbuds'.
2026-09-04 09:32:46,083 - INFO - ScraperEngine - Platform [eBay] returned 3 items.
2026-09-04 09:32:46,538 - INFO - scraper.alibaba - Using high-fidelity Alibaba fallback generator for 'wireless earbuds'.
2026-09-04 09:32:46,539 - INFO - ScraperEngine - Platform [Alibaba] returned 3 items.
2026-09-04 09:32:46,555 - INFO - ScraperEngine - Saved 7 search results to output/search_results.csv / .json / .xlsx
2026-09-04 09:34:07,409 - INFO - ScraperEngine - Executing multi-platform search for 'laptop' across ['Amazon', 'eBay', 'Alibaba']
2026-09-04 09:34:07,409 - INFO - scraper.amazon - Initiating Amazon search for query: 'laptop'
2026-09-04 09:34:07,409 - INFO - scraper.ebay - Initiating eBay search for query: 'laptop'
2026-09-04 09:34:07,410 - INFO - scraper.alibaba - Initiating Alibaba search for query: 'laptop'
2026-09-04 09:34:08,387 - INFO - scraper.ebay - Using high-fidelity eBay fallback generator for 'laptop'.
2026-09-04 09:34:08,388 - INFO - ScraperEngine - Platform [eBay] returned 2 items.
2026-09-04 09:34:09,183 - INFO - scraper.amazon - Successfully scraped 2 live items from Amazon.
2026-09-04 09:34:09,184 - INFO - ScraperEngine - Platform [Amazon] returned 2 items.
2026-09-04 09:34:09,256 - INFO - scraper.alibaba - Using high-fidelity Alibaba fallback generator for 'laptop'.
2026-09-04 09:34:09,257 - INFO - ScraperEngine - Platform [Alibaba] returned 2 items.
2026-09-04 09:34:09,357 - INFO - ScraperEngine - Saved 5 search results to output/search_results.csv / .json / .xlsx
2026-09-04 09:34:09,363 - INFO - ScraperEngine - Executing multi-platform search for 'drone' across ['Amazon']
2026-09-04 09:34:09,363 - INFO - scraper.amazon - Initiating Amazon search for query: 'drone'
2026-09-04 09:34:09,741 - INFO - scraper.amazon - Using high-fidelity Amazon fallback generator for 'drone'.
2026-09-04 09:34:09,742 - INFO - ScraperEngine - Platform [Amazon] returned 2 items.
2026-09-04 09:34:09,755 - INFO - ScraperEngine - Saved 2 search results to output/search_results.csv / .json / .xlsx
2026-09-04 09:34:09,765 - INFO - ScraperEngine - Saved 2 search results to output/test_output.csv / .json / .xlsx
2026-09-04 09:34:09,766 - INFO - ScraperEngine - Executing multi-platform search for 'wireless earbuds' across ['Amazon', 'eBay', 'Alibaba']
2026-09-04 09:34:09,766 - INFO - scraper.amazon - Initiating Amazon search for query: 'wireless earbuds'
2026-09-04 09:34:09,767 - INFO - scraper.alibaba - Initiating Alibaba search for query: 'wireless earbuds'
2026-09-04 09:34:09,766 - INFO - scraper.ebay - Initiating eBay search for query: 'wireless earbuds'
2026-09-04 09:34:10,125 - INFO - scraper.amazon - Using high-fidelity Amazon fallback generator for 'wireless earbuds'.
2026-09-04 09:34:10,126 - INFO - ScraperEngine - Platform [Amazon] returned 3 items.
2026-09-04 09:34:10,481 - INFO - scraper.ebay - Using high-fidelity eBay fallback generator for 'wireless earbuds'.
2026-09-04 09:34:10,482 - INFO - ScraperEngine - Platform [eBay] returned 3 items.
2026-09-04 09:34:10,792 - INFO - scraper.alibaba - Using high-fidelity Alibaba fallback generator for 'wireless earbuds'.
2026-09-04 09:34:10,793 - INFO - ScraperEngine - Platform [Alibaba] returned 3 items.
2026-09-04 09:34:10,811 - INFO - ScraperEngine - Saved 7 search results to output/search_results.csv / .json / .xlsx
2026-09-04 09:37:43,010 - INFO - ScraperEngine - Executing multi-platform search for 'laptop' across ['Amazon', 'eBay', 'Alibaba']
2026-09-04 09:37:43,011 - INFO - scraper.amazon - Initiating Amazon search for query: 'laptop'
2026-09-04 09:37:43,012 - INFO - scraper.ebay - Initiating eBay search for query: 'laptop'
2026-09-04 09:37:43,013 - INFO - scraper.alibaba - Initiating Alibaba search for query: 'laptop'
2026-09-04 09:37:43,625 - INFO - scraper.amazon - Using high-fidelity Amazon fallback generator for 'laptop'.
2026-09-04 09:37:43,626 - INFO - ScraperEngine - Platform [Amazon] returned 2 items.
2026-09-04 09:37:45,235 - INFO - scraper.ebay - Using high-fidelity eBay fallback generator for 'laptop'.
2026-09-04 09:37:45,235 - INFO - ScraperEngine - Platform [eBay] returned 2 items.
2026-09-04 09:37:45,695 - INFO - scraper.alibaba - Using high-fidelity Alibaba fallback generator for 'laptop'.
2026-09-04 09:37:45,696 - INFO - ScraperEngine - Platform [Alibaba] returned 2 items.
2026-09-04 09:37:45,797 - INFO - ScraperEngine - Saved 5 search results to output/search_results.csv / .json / .xlsx
2026-09-04 09:37:45,803 - INFO - ScraperEngine - Executing multi-platform search for 'drone' across ['Amazon']
2026-09-04 09:37:45,803 - INFO - scraper.amazon - Initiating Amazon search for query: 'drone'
2026-09-04 09:37:46,217 - INFO - scraper.amazon - Using high-fidelity Amazon fallback generator for 'drone'.
2026-09-04 09:37:46,218 - INFO - ScraperEngine - Platform [Amazon] returned 2 items.
2026-09-04 09:37:46,233 - INFO - ScraperEngine - Saved 2 search results to output/search_results.csv / .json / .xlsx
2026-09-04 09:37:46,243 - INFO - ScraperEngine - Saved 2 search results to output/test_output.csv / .json / .xlsx
2026-09-04 09:37:46,244 - INFO - ScraperEngine - Executing multi-platform search for 'wireless earbuds' across ['Amazon', 'eBay', 'Alibaba']
2026-09-04 09:37:46,244 - INFO - scraper.amazon - Initiating Amazon search for query: 'wireless earbuds'
2026-09-04 09:37:46,244 - INFO - scraper.ebay - Initiating eBay search for query: 'wireless earbuds'
2026-09-04 09:37:46,245 - INFO - scraper.alibaba - Initiating Alibaba search for query: 'wireless earbuds'
2026-09-04 09:37:46,585 - INFO - scraper.amazon - Using high-fidelity Amazon fallback generator for 'wireless earbuds'.
2026-09-04 09:37:46,586 - INFO - ScraperEngine - Platform [Amazon] returned 3 items.
2026-09-04 09:37:47,430 - INFO - scraper.ebay - Using high-fidelity eBay fallback generator for 'wireless earbuds'.
2026-09-04 09:37:47,432 - INFO - ScraperEngine - Platform [eBay] returned 3 items.
2026-09-04 09:37:47,515 - INFO - scraper.alibaba - Using high-fidelity Alibaba fallback generator for 'wireless earbuds'.
2026-09-04 09:37:47,516 - INFO - ScraperEngine - Platform [Alibaba] returned 3 items.
2026-09-04 09:37:47,532 - INFO - ScraperEngine - Saved 7 search results to output/search_results.csv / .json / .xlsx
2026-09-04 09:40:04,296 - INFO - ScraperEngine - Executing multi-platform search for 'Mouse' across ['Amazon', 'eBay', 'Alibaba']
2026-09-04 09:40:04,297 - INFO - scraper.amazon - Initiating Amazon search for query: 'Mouse'
2026-09-04 09:40:04,300 - INFO - scraper.ebay - Initiating eBay search for query: 'Mouse'
2026-09-04 09:40:04,303 - INFO - scraper.alibaba - Initiating Alibaba search for query: 'Mouse'
2026-09-04 09:40:04,985 - INFO - scraper.amazon - Using high-fidelity Amazon fallback generator for 'Mouse'.
2026-09-04 09:40:04,987 - INFO - ScraperEngine - Platform [Amazon] returned 8 items.
2026-09-04 09:40:06,336 - INFO - scraper.ebay - Using high-fidelity eBay fallback generator for 'Mouse'.
2026-09-04 09:40:06,337 - INFO - ScraperEngine - Platform [eBay] returned 8 items.
2026-09-04 09:40:06,379 - INFO - scraper.alibaba - Using high-fidelity Alibaba fallback generator for 'Mouse'.
2026-09-04 09:40:06,382 - INFO - ScraperEngine - Platform [Alibaba] returned 8 items.
2026-09-04 09:40:06,508 - INFO - ScraperEngine - Saved 13 search results to output/search_results.csv / .json / .xlsx
2026-09-04 09:40:42,258 - INFO - ScraperEngine - Executing multi-platform search for 'laptop' across ['Amazon', 'eBay', 'Alibaba']
2026-09-04 09:40:42,259 - INFO - scraper.amazon - Initiating Amazon search for query: 'laptop'
2026-09-04 09:40:42,259 - INFO - scraper.ebay - Initiating eBay search for query: 'laptop'
2026-09-04 09:40:42,260 - INFO - scraper.alibaba - Initiating Alibaba search for query: 'laptop'
2026-09-04 09:40:43,139 - INFO - scraper.ebay - Using high-fidelity eBay fallback generator for 'laptop'.
2026-09-04 09:40:43,140 - INFO - ScraperEngine - Platform [eBay] returned 2 items.
2026-09-04 09:40:43,758 - INFO - scraper.amazon - Successfully scraped 2 live items from Amazon.
2026-09-04 09:40:43,759 - INFO - scraper.alibaba - Using high-fidelity Alibaba fallback generator for 'laptop'.
2026-09-04 09:40:43,760 - INFO - ScraperEngine - Platform [Amazon] returned 2 items.
2026-09-04 09:40:43,761 - INFO - ScraperEngine - Platform [Alibaba] returned 2 items.
2026-09-04 09:40:43,851 - INFO - ScraperEngine - Saved 5 search results to output/search_results.csv / .json / .xlsx
2026-09-04 09:40:43,857 - INFO - ScraperEngine - Executing multi-platform search for 'drone' across ['Amazon']
2026-09-04 09:40:43,857 - INFO - scraper.amazon - Initiating Amazon search for query: 'drone'
2026-09-04 09:40:45,636 - INFO - scraper.amazon - Successfully scraped 2 live items from Amazon.
2026-09-04 09:40:45,638 - INFO - ScraperEngine - Platform [Amazon] returned 2 items.
2026-09-04 09:40:45,658 - INFO - ScraperEngine - Saved 2 search results to output/search_results.csv / .json / .xlsx
2026-09-04 09:40:45,672 - INFO - ScraperEngine - Saved 2 search results to output/test_output.csv / .json / .xlsx
2026-09-04 09:40:45,673 - INFO - ScraperEngine - Executing multi-platform search for 'wireless earbuds' across ['Amazon', 'eBay', 'Alibaba']
2026-09-04 09:40:45,673 - INFO - scraper.amazon - Initiating Amazon search for query: 'wireless earbuds'
2026-09-04 09:40:45,674 - INFO - scraper.ebay - Initiating eBay search for query: 'wireless earbuds'
2026-09-04 09:40:45,675 - INFO - scraper.alibaba - Initiating Alibaba search for query: 'wireless earbuds'
2026-09-04 09:40:46,030 - INFO - scraper.amazon - Using high-fidelity Amazon fallback generator for 'wireless earbuds'.
2026-09-04 09:40:46,031 - INFO - ScraperEngine - Platform [Amazon] returned 3 items.
2026-09-04 09:40:46,731 - INFO - scraper.alibaba - Using high-fidelity Alibaba fallback generator for 'wireless earbuds'.
2026-09-04 09:40:46,734 - INFO - ScraperEngine - Platform [Alibaba] returned 3 items.
2026-09-04 09:40:47,332 - INFO - scraper.ebay - Using high-fidelity eBay fallback generator for 'wireless earbuds'.
2026-09-04 09:40:47,334 - INFO - ScraperEngine - Platform [eBay] returned 3 items.
2026-09-04 09:40:47,362 - INFO - ScraperEngine - Saved 7 search results to output/search_results.csv / .json / .xlsx
2026-09-04 09:42:05,100 - INFO - ScraperEngine - Executing multi-platform search for 'Smart Watch AMOLED Display' across ['Amazon', 'eBay', 'Alibaba']
2026-09-04 09:42:05,102 - INFO - scraper.amazon - Initiating Amazon search for query: 'Smart Watch AMOLED Display'
2026-09-04 09:42:05,102 - INFO - scraper.ebay - Initiating eBay search for query: 'Smart Watch AMOLED Display'
2026-09-04 09:42:05,104 - INFO - scraper.alibaba - Initiating Alibaba search for query: 'Smart Watch AMOLED Display'
2026-09-04 09:42:06,191 - INFO - scraper.alibaba - Using high-fidelity Alibaba fallback generator for 'Smart Watch AMOLED Display'.
2026-09-04 09:42:06,193 - INFO - ScraperEngine - Platform [Alibaba] returned 8 items.
2026-09-04 09:42:06,261 - INFO - scraper.ebay - Using high-fidelity eBay fallback generator for 'Smart Watch AMOLED Display'.
2026-09-04 09:42:06,264 - INFO - ScraperEngine - Platform [eBay] returned 8 items.
2026-09-04 09:42:06,930 - INFO - scraper.amazon - Successfully scraped 8 live items from Amazon.
2026-09-04 09:42:06,931 - INFO - ScraperEngine - Platform [Amazon] returned 8 items.
2026-09-04 09:42:06,963 - INFO - ScraperEngine - Saved 13 search results to output/search_results.csv / .json / .xlsx
2026-09-04 09:45:14,353 - INFO - ScraperEngine - Executing multi-platform search for 'laptop' across ['Amazon', 'eBay', 'Alibaba']
2026-09-04 09:45:14,353 - INFO - scraper.amazon - Initiating Amazon search for query: 'laptop'
2026-09-04 09:45:14,354 - INFO - scraper.ebay - Initiating eBay search for query: 'laptop'
2026-09-04 09:45:14,354 - INFO - scraper.alibaba - Initiating Alibaba search for query: 'laptop'
2026-09-04 09:45:14,928 - INFO - scraper.amazon - Using high-fidelity Amazon fallback generator for 'laptop'.
2026-09-04 09:45:14,929 - INFO - ScraperEngine - Platform [Amazon] returned 2 items.
2026-09-04 09:45:15,399 - INFO - scraper.ebay - Using high-fidelity eBay fallback generator for 'laptop'.
2026-09-04 09:45:15,400 - INFO - ScraperEngine - Platform [eBay] returned 2 items.
2026-09-04 09:45:16,242 - INFO - scraper.alibaba - Using high-fidelity Alibaba fallback generator for 'laptop'.
2026-09-04 09:45:16,243 - INFO - ScraperEngine - Platform [Alibaba] returned 2 items.
2026-09-04 09:45:16,331 - INFO - ScraperEngine - Saved 5 search results to output/search_results.csv / .json / .xlsx
2026-09-04 09:45:16,337 - INFO - ScraperEngine - Executing multi-platform search for 'drone' across ['Amazon']
2026-09-04 09:45:16,337 - INFO - scraper.amazon - Initiating Amazon search for query: 'drone'
2026-09-04 09:45:16,704 - INFO - scraper.amazon - Using high-fidelity Amazon fallback generator for 'drone'.
2026-09-04 09:45:16,704 - INFO - ScraperEngine - Platform [Amazon] returned 2 items.
2026-09-04 09:45:16,718 - INFO - ScraperEngine - Saved 2 search results to output/search_results.csv / .json / .xlsx
2026-09-04 09:45:16,728 - INFO - ScraperEngine - Saved 2 search results to output/test_output.csv / .json / .xlsx
2026-09-04 09:45:16,728 - INFO - ScraperEngine - Executing multi-platform search for 'wireless earbuds' across ['Amazon', 'eBay', 'Alibaba']
2026-09-04 09:45:16,728 - INFO - scraper.amazon - Initiating Amazon search for query: 'wireless earbuds'
2026-09-04 09:45:16,729 - INFO - scraper.ebay - Initiating eBay search for query: 'wireless earbuds'
2026-09-04 09:45:16,730 - INFO - scraper.alibaba - Initiating Alibaba search for query: 'wireless earbuds'
2026-09-04 09:45:17,151 - INFO - scraper.amazon - Using high-fidelity Amazon fallback generator for 'wireless earbuds'.
2026-09-04 09:45:17,151 - INFO - ScraperEngine - Platform [Amazon] returned 3 items.
2026-09-04 09:45:17,737 - INFO - scraper.alibaba - Using high-fidelity Alibaba fallback generator for 'wireless earbuds'.
2026-09-04 09:45:17,738 - INFO - ScraperEngine - Platform [Alibaba] returned 3 items.
2026-09-04 09:45:19,002 - INFO - scraper.ebay - Using high-fidelity eBay fallback generator for 'wireless earbuds'.
2026-09-04 09:45:19,003 - INFO - ScraperEngine - Platform [eBay] returned 3 items.
2026-09-04 09:45:19,017 - INFO - ScraperEngine - Saved 7 search results to output/search_results.csv / .json / .xlsx
2026-09-04 09:46:23,032 - INFO - ScraperEngine - Executing multi-platform search for 'Smart Watch AMOLED Display' across ['Amazon', 'eBay', 'Alibaba']
2026-09-04 09:46:23,033 - INFO - scraper.amazon - Initiating Amazon search for query: 'Smart Watch AMOLED Display'
2026-09-04 09:46:23,033 - INFO - scraper.ebay - Initiating eBay search for query: 'Smart Watch AMOLED Display'
2026-09-04 09:46:23,034 - INFO - scraper.alibaba - Initiating Alibaba search for query: 'Smart Watch AMOLED Display'
2026-09-04 09:46:24,249 - INFO - scraper.ebay - Using high-fidelity eBay fallback generator for 'Smart Watch AMOLED Display'.
2026-09-04 09:46:24,251 - INFO - ScraperEngine - Platform [eBay] returned 8 items.
2026-09-04 09:46:24,698 - INFO - scraper.alibaba - Using high-fidelity Alibaba fallback generator for 'Smart Watch AMOLED Display'.
2026-09-04 09:46:24,720 - INFO - ScraperEngine - Platform [Alibaba] returned 8 items.
2026-09-04 09:46:24,973 - INFO - scraper.amazon - Successfully scraped 8 live items from Amazon.
2026-09-04 09:46:24,974 - INFO - ScraperEngine - Platform [Amazon] returned 8 items.
2026-09-04 09:46:25,108 - INFO - ScraperEngine - Saved 13 search results to output/search_results.csv / .json / .xlsx
2026-09-04 09:48:28,070 - INFO - ScraperEngine - Executing multi-platform search for 'Smart Watch AMOLED Display' across ['Amazon', 'eBay', 'Alibaba']
2026-09-04 09:48:28,070 - INFO - scraper.amazon - Initiating Amazon search for query: 'Smart Watch AMOLED Display'
2026-09-04 09:48:28,072 - INFO - scraper.ebay - Initiating eBay search for query: 'Smart Watch AMOLED Display'
2026-09-04 09:48:28,073 - INFO - scraper.alibaba - Initiating Alibaba search for query: 'Smart Watch AMOLED Display'
2026-09-04 09:48:29,464 - INFO - scraper.alibaba - Using high-fidelity Alibaba fallback generator for 'Smart Watch AMOLED Display'.
2026-09-04 09:48:29,465 - INFO - ScraperEngine - Platform [Alibaba] returned 8 items.
2026-09-04 09:48:29,539 - INFO - scraper.ebay - Using high-fidelity eBay fallback generator for 'Smart Watch AMOLED Display'.
2026-09-04 09:48:29,540 - INFO - ScraperEngine - Platform [eBay] returned 8 items.
2026-09-04 09:48:33,777 - INFO - scraper.amazon - Using high-fidelity Amazon fallback generator for 'Smart Watch AMOLED Display'.
2026-09-04 09:48:33,778 - INFO - ScraperEngine - Platform [Amazon] returned 8 items.
2026-09-04 09:48:33,798 - INFO - ScraperEngine - Saved 13 search results to output/search_results.csv / .json / .xlsx
2026-09-04 09:49:07,984 - INFO - ScraperEngine - Executing multi-platform search for 'Gaming Laptop 16GB RAM' across ['Amazon', 'eBay', 'Alibaba']
2026-09-04 09:49:07,985 - INFO - scraper.amazon - Initiating Amazon search for query: 'Gaming Laptop 16GB RAM'
2026-09-04 09:49:07,986 - INFO - scraper.ebay - Initiating eBay search for query: 'Gaming Laptop 16GB RAM'
2026-09-04 09:49:07,988 - INFO - scraper.alibaba - Initiating Alibaba search for query: 'Gaming Laptop 16GB RAM'
2026-09-04 09:49:08,480 - INFO - scraper.amazon - Using high-fidelity Amazon fallback generator for 'Gaming Laptop 16GB RAM'.
2026-09-04 09:49:08,481 - INFO - ScraperEngine - Platform [Amazon] returned 8 items.
2026-09-04 09:49:08,797 - INFO - scraper.ebay - Using high-fidelity eBay fallback generator for 'Gaming Laptop 16GB RAM'.
2026-09-04 09:49:08,799 - INFO - ScraperEngine - Platform [eBay] returned 8 items.
2026-09-04 09:49:09,145 - INFO - scraper.alibaba - Using high-fidelity Alibaba fallback generator for 'Gaming Laptop 16GB RAM'.
2026-09-04 09:49:09,147 - INFO - ScraperEngine - Platform [Alibaba] returned 8 items.
2026-09-04 09:49:09,168 - INFO - ScraperEngine - Saved 13 search results to output/search_results.csv / .json / .xlsx
2026-09-04 09:49:19,262 - INFO - ScraperEngine - Executing multi-platform search for 'Smart Watch AMOLED Display' across ['Amazon', 'eBay', 'Alibaba']
2026-09-04 09:49:19,263 - INFO - scraper.amazon - Initiating Amazon search for query: 'Smart Watch AMOLED Display'
2026-09-04 09:49:19,264 - INFO - scraper.ebay - Initiating eBay search for query: 'Smart Watch AMOLED Display'
2026-09-04 09:49:19,266 - INFO - scraper.alibaba - Initiating Alibaba search for query: 'Smart Watch AMOLED Display'
2026-09-04 09:49:19,631 - INFO - scraper.amazon - Using high-fidelity Amazon fallback generator for 'Smart Watch AMOLED Display'.
2026-09-04 09:49:19,633 - INFO - ScraperEngine - Platform [Amazon] returned 8 items.
2026-09-04 09:49:19,846 - INFO - scraper.ebay - Using high-fidelity eBay fallback generator for 'Smart Watch AMOLED Display'.
2026-09-04 09:49:19,848 - INFO - ScraperEngine - Platform [eBay] returned 8 items.
2026-09-04 09:49:20,493 - INFO - scraper.alibaba - Using high-fidelity Alibaba fallback generator for 'Smart Watch AMOLED Display'.
2026-09-04 09:49:20,494 - INFO - ScraperEngine - Platform [Alibaba] returned 8 items.
2026-09-04 09:49:20,516 - INFO - ScraperEngine - Saved 13 search results to output/search_results.csv / .json / .xlsx
2026-09-04 09:49:27,128 - INFO - ScraperEngine - Executing multi-platform search for '5G Smartphone 256GB' across ['Amazon', 'eBay', 'Alibaba']
2026-09-04 09:49:27,128 - INFO - scraper.amazon - Initiating Amazon search for query: '5G Smartphone 256GB'
2026-09-04 09:49:27,129 - INFO - scraper.ebay - Initiating eBay search for query: '5G Smartphone 256GB'
2026-09-04 09:49:27,130 - INFO - scraper.alibaba - Initiating Alibaba search for query: '5G Smartphone 256GB'
2026-09-04 09:49:27,518 - INFO - scraper.amazon - Using high-fidelity Amazon fallback generator for '5G Smartphone 256GB'.
2026-09-04 09:49:27,519 - INFO - ScraperEngine - Platform [Amazon] returned 8 items.
2026-09-04 09:49:28,282 - INFO - scraper.alibaba - Using high-fidelity Alibaba fallback generator for '5G Smartphone 256GB'.
2026-09-04 09:49:28,283 - INFO - ScraperEngine - Platform [Alibaba] returned 8 items.
2026-09-04 09:49:29,052 - INFO - scraper.ebay - Using high-fidelity eBay fallback generator for '5G Smartphone 256GB'.
2026-09-04 09:49:29,053 - INFO - ScraperEngine - Platform [eBay] returned 8 items.
2026-09-04 09:49:29,074 - INFO - ScraperEngine - Saved 13 search results to output/search_results.csv / .json / .xlsx
2026-09-04 09:53:30,716 - INFO - ScraperEngine - Executing multi-platform search for 'laptop' across ['Amazon', 'eBay', 'Alibaba']
2026-09-04 09:53:30,717 - INFO - scraper.amazon - Initiating Amazon search for query: 'laptop'
2026-09-04 09:53:30,717 - INFO - scraper.ebay - Initiating eBay search for query: 'laptop'
2026-09-04 09:53:30,720 - INFO - scraper.alibaba - Initiating Alibaba search for query: 'laptop'
2026-09-04 09:53:31,280 - INFO - scraper.amazon - Using high-fidelity Amazon fallback generator for 'laptop'.
2026-09-04 09:53:31,281 - INFO - ScraperEngine - Platform [Amazon] returned 2 items.
2026-09-04 09:53:32,567 - INFO - scraper.alibaba - Using high-fidelity Alibaba fallback generator for 'laptop'.
2026-09-04 09:53:32,568 - INFO - ScraperEngine - Platform [Alibaba] returned 2 items.
2026-09-04 09:53:33,670 - INFO - scraper.ebay - Using high-fidelity eBay fallback generator for 'laptop'.
2026-09-04 09:53:33,671 - INFO - ScraperEngine - Platform [eBay] returned 2 items.
2026-09-04 09:53:33,760 - INFO - ScraperEngine - Saved 5 search results to output/search_results.csv / .json / .xlsx
2026-09-04 09:53:33,767 - INFO - ScraperEngine - Executing multi-platform search for 'drone' across ['Amazon']
2026-09-04 09:53:33,767 - INFO - scraper.amazon - Initiating Amazon search for query: 'drone'
2026-09-04 09:53:34,134 - INFO - scraper.amazon - Using high-fidelity Amazon fallback generator for 'drone'.
2026-09-04 09:53:34,135 - INFO - ScraperEngine - Platform [Amazon] returned 2 items.
2026-09-04 09:53:34,149 - INFO - ScraperEngine - Saved 2 search results to output/search_results.csv / .json / .xlsx
2026-09-04 09:53:34,158 - INFO - ScraperEngine - Saved 2 search results to output/test_output.csv / .json / .xlsx
2026-09-04 09:53:34,158 - INFO - ScraperEngine - Executing multi-platform search for 'wireless earbuds' across ['Amazon', 'eBay', 'Alibaba']
2026-09-04 09:53:34,159 - INFO - scraper.amazon - Initiating Amazon search for query: 'wireless earbuds'
2026-09-04 09:53:34,159 - INFO - scraper.ebay - Initiating eBay search for query: 'wireless earbuds'
2026-09-04 09:53:34,160 - INFO - scraper.alibaba - Initiating Alibaba search for query: 'wireless earbuds'
2026-09-04 09:53:34,610 - INFO - scraper.amazon - Using high-fidelity Amazon fallback generator for 'wireless earbuds'.
2026-09-04 09:53:34,611 - INFO - ScraperEngine - Platform [Amazon] returned 3 items.
2026-09-04 09:53:35,393 - INFO - scraper.alibaba - Using high-fidelity Alibaba fallback generator for 'wireless earbuds'.
2026-09-04 09:53:35,395 - INFO - ScraperEngine - Platform [Alibaba] returned 3 items.
2026-09-04 09:53:36,177 - INFO - scraper.ebay - Using high-fidelity eBay fallback generator for 'wireless earbuds'.
2026-09-04 09:53:36,178 - INFO - ScraperEngine - Platform [eBay] returned 3 items.
2026-09-04 09:53:36,193 - INFO - ScraperEngine - Saved 7 search results to output/search_results.csv / .json / .xlsx
